// Jest Snapshot v1, https://goo.gl/fbAQLP

exports[`Render Component APP rendered 1`] = `
<styled.div>
  <Square
    cellSize={50}
    initialHeight={4}
    initialWidth={4}
  />
  <Square
    cellSize={50}
    initialHeight={4}
    initialWidth={4}
  />
</styled.div>
`;

exports[`Render Component Square rendered 1`] = `
<styled.div>
  <styled.div
    onMouseOver={[Function]}
  >
    <div
      onMouseEnter={[Function]}
      onMouseLeave={[Function]}
    >
      <styled.table
        onDragStart={[Function]}
        onMouseDown={[Function]}
      >
        <tbody>
          <tr
            data-test="row"
            key="row-4"
          >
            <styled.td
              cellSize={50}
              data-test="cell"
              key="cell-0"
            />
            <styled.td
              cellSize={50}
              data-test="cell"
              key="cell-1"
            />
            <styled.td
              cellSize={50}
              data-test="cell"
              key="cell-2"
            />
            <styled.td
              cellSize={50}
              data-test="cell"
              key="cell-3"
            />
          </tr>
          <tr
            data-test="row"
            key="row-5"
          >
            <styled.td
              cellSize={50}
              data-test="cell"
              key="cell-0"
            />
            <styled.td
              cellSize={50}
              data-test="cell"
              key="cell-1"
            />
            <styled.td
              cellSize={50}
              data-test="cell"
              key="cell-2"
            />
            <styled.td
              cellSize={50}
              data-test="cell"
              key="cell-3"
            />
          </tr>
          <tr
            data-test="row"
            key="row-6"
          >
            <styled.td
              cellSize={50}
              data-test="cell"
              key="cell-0"
            />
            <styled.td
              cellSize={50}
              data-test="cell"
              key="cell-1"
            />
            <styled.td
              cellSize={50}
              data-test="cell"
              key="cell-2"
            />
            <styled.td
              cellSize={50}
              data-test="cell"
              key="cell-3"
            />
          </tr>
          <tr
            data-test="row"
            key="row-7"
          >
            <styled.td
              cellSize={50}
              data-test="cell"
              key="cell-0"
            />
            <styled.td
              cellSize={50}
              data-test="cell"
              key="cell-1"
            />
            <styled.td
              cellSize={50}
              data-test="cell"
              key="cell-2"
            />
            <styled.td
              cellSize={50}
              data-test="cell"
              key="cell-3"
            />
          </tr>
        </tbody>
      </styled.table>
      <Styled(Styled(styled.div))
        buttonsVisible={false}
        cellSize={50}
        currentRowIndex={0}
        data-test="remove-row-button"
        onClick={[Function]}
      >
        -
      </Styled(Styled(styled.div))>
      <Styled(Styled(styled.div))
        buttonsVisible={false}
        cellSize={50}
        currentCellIndex={0}
        data-test="remove-column-button"
        onClick={[Function]}
      >
        -
      </Styled(Styled(styled.div))>
    </div>
    <Styled(Styled(styled.div))
      cellSize={50}
      data-test="add-row-button"
      onClick={[Function]}
    >
      +
    </Styled(Styled(styled.div))>
    <Styled(Styled(styled.div))
      cellSize={50}
      data-test="add-column-button"
      onClick={[Function]}
    >
      +
    </Styled(Styled(styled.div))>
  </styled.div>
</styled.div>
`;
