// Jest Snapshot v1, https://goo.gl/fbAQLP

exports[`Render Component APP rendered 1`] = `
<Square
  cellSize={50}
  initialHeight={4}
  initialWidth={4}
/>
`;

exports[`Render Component Square rendered 1`] = `
<styled.div
  onMouseMove={[Function]}
  onMouseUp={[Function]}
>
  <styled.div
    cellSize={50}
    containerPosition={
      Object {
        "left": "100px",
        "top": "100px",
      }
    }
    id="container"
    onMouseOver={[Function]}
  >
    <div
      onMouseEnter={[Function]}
      onMouseLeave={[Function]}
    >
      <styled.table
        onDragStart={[Function]}
        onMouseDown={[Function]}
      >
        <tbody>
          <tr
            id="row"
            key="row-0"
          >
            <styled.td
              cellSize={50}
              id="cell"
              key="cell-0"
            />
            <styled.td
              cellSize={50}
              id="cell"
              key="cell-1"
            />
            <styled.td
              cellSize={50}
              id="cell"
              key="cell-2"
            />
            <styled.td
              cellSize={50}
              id="cell"
              key="cell-3"
            />
          </tr>
          <tr
            id="row"
            key="row-1"
          >
            <styled.td
              cellSize={50}
              id="cell"
              key="cell-0"
            />
            <styled.td
              cellSize={50}
              id="cell"
              key="cell-1"
            />
            <styled.td
              cellSize={50}
              id="cell"
              key="cell-2"
            />
            <styled.td
              cellSize={50}
              id="cell"
              key="cell-3"
            />
          </tr>
          <tr
            id="row"
            key="row-2"
          >
            <styled.td
              cellSize={50}
              id="cell"
              key="cell-0"
            />
            <styled.td
              cellSize={50}
              id="cell"
              key="cell-1"
            />
            <styled.td
              cellSize={50}
              id="cell"
              key="cell-2"
            />
            <styled.td
              cellSize={50}
              id="cell"
              key="cell-3"
            />
          </tr>
          <tr
            id="row"
            key="row-3"
          >
            <styled.td
              cellSize={50}
              id="cell"
              key="cell-0"
            />
            <styled.td
              cellSize={50}
              id="cell"
              key="cell-1"
            />
            <styled.td
              cellSize={50}
              id="cell"
              key="cell-2"
            />
            <styled.td
              cellSize={50}
              id="cell"
              key="cell-3"
            />
          </tr>
        </tbody>
      </styled.table>
      <Styled(Styled(styled.div))
        buttonsPoisiton={
          Object {
            "left": 0,
            "top": 0,
          }
        }
        buttonsVisible={false}
        cellSize={50}
        id="remove-row-button"
        onClick={[Function]}
        removeRowButtonDisplay={true}
      >
        -
      </Styled(Styled(styled.div))>
      <Styled(Styled(styled.div))
        buttonsPoisiton={
          Object {
            "left": 0,
            "top": 0,
          }
        }
        buttonsVisible={false}
        cellSize={50}
        id="remove-column-button"
        onClick={[Function]}
        removeColumnButtonDisplay={true}
      >
        -
      </Styled(Styled(styled.div))>
    </div>
    <Styled(Styled(styled.div))
      cellSize={50}
      id="add-row-button"
      onClick={[Function]}
    >
      +
    </Styled(Styled(styled.div))>
    <Styled(Styled(styled.div))
      cellSize={50}
      id="add-column-button"
      onClick={[Function]}
    >
      +
    </Styled(Styled(styled.div))>
  </styled.div>
</styled.div>
`;
