// Jest Snapshot v1, https://goo.gl/fbAQLP

exports[`Render Component APP rendered 1`] = `
<Square
  cellSize={50}
  initialHeight={4}
  initialWidth={4}
/>
`;

exports[`Render Component Square rendered 1`] = `
<styled.div
  className="wrapper"
  onMouseMove={[Function]}
  onMouseUp={[Function]}
>
  <styled.div
    cellSize={50}
    className="container"
    containerAbsolute={false}
    containerLeft={100}
    containerTop={100}
    dragging={false}
    onMouseOver={[Function]}
  >
    <div
      className="square-container"
      onMouseEnter={[Function]}
      onMouseLeave={[Function]}
    >
      <styled.table
        onDragStart={[Function]}
        onMouseDown={[Function]}
      >
        <tbody
          className="tbody"
        >
          <tr
            className="row"
            key="row-4"
          >
            <styled.td
              cellSize={50}
              className="cell"
              currentCellIndex={0}
              currentRowIndex={0}
              key="cell-0"
            />
            <styled.td
              cellSize={50}
              className="cell"
              currentCellIndex={0}
              currentRowIndex={0}
              key="cell-1"
            />
            <styled.td
              cellSize={50}
              className="cell"
              currentCellIndex={0}
              currentRowIndex={0}
              key="cell-2"
            />
            <styled.td
              cellSize={50}
              className="cell"
              currentCellIndex={0}
              currentRowIndex={0}
              key="cell-3"
            />
          </tr>
          <tr
            className="row"
            key="row-9"
          >
            <styled.td
              cellSize={50}
              className="cell"
              currentCellIndex={0}
              currentRowIndex={0}
              key="cell-5"
            />
            <styled.td
              cellSize={50}
              className="cell"
              currentCellIndex={0}
              currentRowIndex={0}
              key="cell-6"
            />
            <styled.td
              cellSize={50}
              className="cell"
              currentCellIndex={0}
              currentRowIndex={0}
              key="cell-7"
            />
            <styled.td
              cellSize={50}
              className="cell"
              currentCellIndex={0}
              currentRowIndex={0}
              key="cell-8"
            />
          </tr>
          <tr
            className="row"
            key="row-14"
          >
            <styled.td
              cellSize={50}
              className="cell"
              currentCellIndex={0}
              currentRowIndex={0}
              key="cell-10"
            />
            <styled.td
              cellSize={50}
              className="cell"
              currentCellIndex={0}
              currentRowIndex={0}
              key="cell-11"
            />
            <styled.td
              cellSize={50}
              className="cell"
              currentCellIndex={0}
              currentRowIndex={0}
              key="cell-12"
            />
            <styled.td
              cellSize={50}
              className="cell"
              currentCellIndex={0}
              currentRowIndex={0}
              key="cell-13"
            />
          </tr>
          <tr
            className="row"
            key="row-19"
          >
            <styled.td
              cellSize={50}
              className="cell"
              currentCellIndex={0}
              currentRowIndex={0}
              key="cell-15"
            />
            <styled.td
              cellSize={50}
              className="cell"
              currentCellIndex={0}
              currentRowIndex={0}
              key="cell-16"
            />
            <styled.td
              cellSize={50}
              className="cell"
              currentCellIndex={0}
              currentRowIndex={0}
              key="cell-17"
            />
            <styled.td
              cellSize={50}
              className="cell"
              currentCellIndex={0}
              currentRowIndex={0}
              key="cell-18"
            />
          </tr>
        </tbody>
      </styled.table>
      <Styled(Styled(styled.div))
        buttonsVisible={false}
        cellSize={50}
        className="remove-row-button"
        onClick={[Function]}
        removeRowButtonDisplay={true}
        removeRowButtonTop={0}
      >
        -
      </Styled(Styled(styled.div))>
      <Styled(Styled(styled.div))
        buttonsVisible={false}
        cellSize={50}
        className="remove-column-button"
        onClick={[Function]}
        removeColumnButtonDisplay={true}
        removeColumnButtonLeft={0}
      >
        -
      </Styled(Styled(styled.div))>
    </div>
    <Styled(Styled(styled.div))
      cellSize={50}
      className="add-row-button"
      onClick={[Function]}
    >
      +
    </Styled(Styled(styled.div))>
    <Styled(Styled(styled.div))
      cellSize={50}
      className="add-column-button"
      onClick={[Function]}
    >
      +
    </Styled(Styled(styled.div))>
  </styled.div>
</styled.div>
`;
